============================================================
  Generated by:           Genus(TM) Synthesis Solution 18.10-p003_1
  Generated on:           Jun 29 2026  12:27:04 pm
  Module:                 riscv
  Operating conditions:   PVT_0P9V_125C (balanced_tree)
  Wireload mode:          enclosed
  Area mode:              timing library
============================================================

                              
   Gate    Instances   Area       Library    
---------------------------------------------
AND2XL            27   36.936    slow_vdd1v0 
AOI2BB1XL         27   55.404    slow_vdd1v0 
DFFRHQX1          29  178.524    slow_vdd1v0 
DFFRX1             1    6.840    slow_vdd1v0 
INVXL              1    0.684    slow_vdd1v0 
NAND2X1            1    1.026    slow_vdd1v0 
OA21X1             1    2.052    slow_vdd1v0 
XNOR2X1            1    2.394    slow_vdd1v0 
---------------------------------------------
total             88  283.860                


                                        
     Type      Instances   Area  Area % 
----------------------------------------
sequential            30 185.364   65.3 
inverter               1   0.684    0.2 
logic                 57  97.812   34.5 
physical_cells         0   0.000    0.0 
----------------------------------------
total                 88 283.860  100.0 

