============================================================
  Generated by:           Genus(TM) Synthesis Solution 18.10-p003_1
  Generated on:           Jun 29 2026  12:26:30 pm
  Module:                 riscv
  Operating conditions:   PVT_0P9V_125C (balanced_tree)
  Wireload mode:          enclosed
  Area mode:              timing library
============================================================


Path 1: MET (16057 ps) Setup Check with Pin pc_reg[31]/CK->D
          Group: clk
     Startpoint: (R) pc_reg[2]/CK
          Clock: (R) clk
       Endpoint: (R) pc_reg[31]/D
          Clock: (R) clk

                     Capture       Launch     
        Clock Edge:+   20000            0     
       Src Latency:+       0            0     
       Net Latency:+       0 (I)        0 (I) 
           Arrival:=   20000            0     
                                              
             Setup:-      93                  
       Uncertainty:-      50                  
     Required Time:=   19857                  
      Launch Clock:-       0                  
         Data Path:-    3800                  
             Slack:=   16057                  

#------------------------------------------------------------------------------------------------
#      Timing Point       Flags   Arc   Edge   Cell     Fanout Load Trans Delay Arrival Instance 
#                                                              (fF)  (ps)  (ps)   (ps)  Location 
#------------------------------------------------------------------------------------------------
  pc_reg[2]/CK            -       -     R     (arrival)     30    -   100     -       0    (-,-) 
  pc_reg[2]/Q             -       CK->Q R     DFFRX1         3 10.4   233   432     432    (-,-) 
  add_191_26_g395__8780/Y -       A->Y  R     AND2XL         3  0.6    34   218     650    (-,-) 
  add_191_26_g393__1857/Y -       B->Y  R     AND2XL         3  0.6    34   111     762    (-,-) 
  add_191_26_g391__1840/Y -       B->Y  R     AND2XL         3  0.6    34   111     873    (-,-) 
  add_191_26_g389__5795/Y -       B->Y  R     AND2XL         3  0.6    34   111     984    (-,-) 
  add_191_26_g387__6083/Y -       B->Y  R     AND2XL         3  0.6    34   111    1096    (-,-) 
  add_191_26_g385__5266/Y -       B->Y  R     AND2XL         3  0.6    34   111    1207    (-,-) 
  add_191_26_g383__5703/Y -       B->Y  R     AND2XL         3  0.6    34   111    1318    (-,-) 
  add_191_26_g381__1786/Y -       B->Y  R     AND2XL         3  0.6    34   111    1429    (-,-) 
  add_191_26_g379__7118/Y -       B->Y  R     AND2XL         3  0.6    34   111    1541    (-,-) 
  add_191_26_g377__2391/Y -       B->Y  R     AND2XL         3  0.6    34   111    1652    (-,-) 
  add_191_26_g375__6877/Y -       B->Y  R     AND2XL         3  0.6    34   111    1763    (-,-) 
  add_191_26_g373__2683/Y -       B->Y  R     AND2XL         3  0.6    34   111    1875    (-,-) 
  add_191_26_g371__4547/Y -       B->Y  R     AND2XL         3  0.6    34   111    1986    (-,-) 
  add_191_26_g369__3772/Y -       B->Y  R     AND2XL         3  0.6    34   111    2097    (-,-) 
  add_191_26_g367__8780/Y -       B->Y  R     AND2XL         3  0.6    34   111    2208    (-,-) 
  add_191_26_g365__1857/Y -       B->Y  R     AND2XL         3  0.6    34   111    2320    (-,-) 
  add_191_26_g363__1840/Y -       B->Y  R     AND2XL         3  0.6    34   111    2431    (-,-) 
  add_191_26_g361__5795/Y -       B->Y  R     AND2XL         3  0.6    34   111    2542    (-,-) 
  add_191_26_g359__6083/Y -       B->Y  R     AND2XL         3  0.6    34   111    2654    (-,-) 
  add_191_26_g357__5266/Y -       B->Y  R     AND2XL         3  0.6    34   111    2765    (-,-) 
  add_191_26_g355__5703/Y -       B->Y  R     AND2XL         3  0.6    34   111    2876    (-,-) 
  add_191_26_g353__1786/Y -       B->Y  R     AND2XL         3  0.6    34   111    2988    (-,-) 
  add_191_26_g351__7118/Y -       B->Y  R     AND2XL         3  0.6    34   111    3099    (-,-) 
  add_191_26_g349__2391/Y -       B->Y  R     AND2XL         3  0.6    34   111    3210    (-,-) 
  add_191_26_g347__6877/Y -       B->Y  R     AND2XL         3  0.6    34   111    3322    (-,-) 
  add_191_26_g345__2683/Y -       B->Y  R     AND2XL         3  0.6    34   111    3433    (-,-) 
  add_191_26_g343__4547/Y -       B->Y  R     AND2XL         3  0.8    42   115    3548    (-,-) 
  add_191_26_g341__3772/Y -       B->Y  F     NAND2X1        2  0.6    81    70    3618    (-,-) 
  add_191_26_g339__8780/Y -       B->Y  R     XNOR2X1        1  0.3    24   182    3800    (-,-) 
  pc_reg[31]/D            <<<     -     R     DFFRHQX1       1    -     -     0    3800    (-,-) 
#------------------------------------------------------------------------------------------------

